<html>
<body>
<pre>
<h1>µVision Build Log</h1>
<h2>Tool Versions:</h2>
IDE-Version: ¦ÌVision V5.32.0.0
Copyright (C) 2020 ARM Ltd and ARM Germany GmbH. All rights reserved.
License Information: hu 8613816337339, hu, LIC=8VRJ7-EJBJU-HLWCL-0KVIT-0GQ9G-ZB77C
 
Tool Versions:
Toolchain:       MDK-ARM Plus  Version: 5.32.0.0
Toolchain Path:  D:\Program Files (x86)\Keil5\CORE\ARM\ARMCLANG\Bin
C Compiler:      ArmClang.exe V6.14.1
Assembler:       Armasm.exe V6.14.1
Linker/Locator:  ArmLink.exe V6.14.1
Library Manager: ArmAr.exe V6.14.1
Hex Converter:   FromElf.exe V6.14.1
CPU DLL:         SARMCM3.DLL V5.32.0.0
Dialog DLL:      DCM.DLL V1.17.3.0
Target DLL:      STLink\ST-LINKIII-KEIL_SWO.dll V3.0.8.0
Dialog DLL:      TCM.DLL V1.46.0.0
 
<h2>Project:</h2>
D:\L431_lvgl_freertos\bearpi_lvgl\applications\A8_basic_spi_lcd\MDK-ARM\bearpi-iot_std.uvprojx
Project File Date:  05/31/2024

<h2>Output:</h2>
*** Using Compiler 'V6.14.1', folder: 'D:\Program Files (x86)\Keil5\CORE\ARM\ARMCLANG\Bin'
Rebuild target 'bearpi-iot_std'
assembling startup_stm32l431xx.s...
compiling gpio.c...
compiling stm32l4xx_hal.c...
compiling stm32l4xx_hal_msp.c...
compiling dma.c...
compiling spi.c...
compiling stm32l4xx_hal_i2c_ex.c...
compiling usart.c...
compiling main.c...
compiling stm32l4xx_it.c...
compiling stm32l4xx_hal_adc_ex.c...
compiling stm32l4xx_hal_adc.c...
compiling stm32l4xx_hal_flash.c...
compiling stm32l4xx_hal_rcc.c...
compiling stm32l4xx_hal_dma_ex.c...
compiling stm32l4xx_hal_rcc_ex.c...
compiling stm32l4xx_hal_flash_ramfunc.c...
compiling stm32l4xx_hal_i2c.c...
compiling stm32l4xx_hal_pwr.c...
compiling stm32l4xx_hal_gpio.c...
compiling stm32l4xx_hal_dma.c...
compiling stm32l4xx_hal_flash_ex.c...
compiling stm32l4xx_hal_pwr_ex.c...
compiling stm32l4xx_hal_cortex.c...
compiling stm32l4xx_hal_exti.c...
compiling stm32l4xx_hal_dac_ex.c...
compiling stm32l4xx_hal_dac.c...
compiling stm32l4xx_hal_spi_ex.c...
compiling stm32l4xx_hal_uart_ex.c...
compiling stm32l4xx_hal_sd_ex.c...
compiling stm32l4xx_hal_qspi.c...
compiling stm32l4xx_ll_sdmmc.c...
compiling stm32l4xx_hal_uart.c...
compiling stm32l4xx_hal_sd.c...
compiling lv_port_fs_template.c...
compiling stm32l4xx_hal_spi.c...
compiling lv_port_indev_template.c...
compiling system_stm32l4xx.c...
compiling stm32l4xx_hal_tim_ex.c...
compiling lv_port_disp_template.c...
compiling lcd.c...
compiling lv_example_label_1.c...
compiling lv_example_btn_1.c...
compiling stm32l4xx_hal_tim.c...
compiling lv_disp.c...
compiling lv_group.c...
compiling lv_event.c...
compiling lv_indev_scroll.c...
compiling lv_obj_class.c...
compiling lv_indev.c...
compiling lv_obj.c...
compiling lv_obj_draw.c...
compiling lv_obj_scroll.c...
compiling lv_obj_pos.c...
compiling lv_obj_tree.c...
compiling lv_obj_style_gen.c...
compiling lv_obj_style.c...
compiling lv_theme.c...
compiling lv_draw_sw.c...
compiling lv_draw_sw_dither.c...
compiling lv_refr.c...
compiling lv_draw_sw_gradient.c...
compiling lv_draw_sw_arc.c...
compiling lv_draw_sw_img.c...
compiling lv_draw_sw_blend.c...
compiling lv_draw.c...
compiling lv_draw_sw_polygon.c...
compiling lv_draw_sw_letter.c...
compiling lv_draw_sw_line.c...
compiling lv_draw_arc.c...
compiling lv_draw_img.c...
compiling lv_draw_label.c...
compiling lv_draw_line.c...
compiling lv_draw_sw_rect.c...
compiling lv_draw_rect.c...
compiling lv_draw_triangle.c...
compiling lv_img_cache.c...
compiling lv_img_buf.c...
compiling lv_draw_mask.c...
compiling lv_img_decoder.c...
compiling lv_ffmpeg.c...
compiling lv_freetype.c...
compiling lv_bmp.c...
compiling lv_flex.c...
compiling lv_fs_fatfs.c...
compiling lv_grid.c...
compiling lv_fs_posix.c...
compiling lv_fs_stdio.c...
compiling lv_fs_win32.c...
compiling gifdec.c...
compiling lv_gif.c...
compiling lv_png.c...
compiling lodepng.c...
compiling lv_sjpg.c...
compiling tjpgd.c...
compiling lv_snapshot.c...
compiling lv_gridnav.c...
compiling lv_qrcode.c...
compiling lv_rlottie.c...
compiling lv_monkey.c...
compiling lv_theme_basic.c...
compiling lv_theme_mono.c...
compiling lv_animimg.c...
compiling lv_calendar_header_arrow.c...
compiling lv_calendar_header_dropdown.c...
compiling lv_theme_default.c...
compiling lv_calendar.c...
compiling lv_keyboard.c...
compiling lv_led.c...
compiling lv_imgbtn.c...
compiling lv_list.c...
compiling lv_colorwheel.c...
compiling lv_menu.c...
compiling lv_meter.c...
compiling lv_spinner.c...
compiling lv_msgbox.c...
compiling lv_chart.c...
compiling lv_spinbox.c...
compiling lv_tabview.c...
compiling lv_span.c...
compiling lv_tileview.c...
compiling lv_extra.c...
compiling lv_win.c...
compiling lv_font.c...
compiling lv_font_dejavu_16_persian_hebrew.c...
compiling lv_font_fmt_txt.c...
compiling lv_font_montserrat_10.c...
compiling lv_font_montserrat_8.c...
compiling lv_font_montserrat_12_subpx.c...
compiling lv_font_montserrat_12.c...
compiling lv_font_montserrat_16.c...
compiling lv_font_montserrat_18.c...
compiling lv_font_montserrat_14.c...
compiling lv_font_loader.c...
compiling lv_font_montserrat_20.c...
compiling lv_font_montserrat_22.c...
compiling lv_font_montserrat_24.c...
compiling lv_font_montserrat_26.c...
compiling lv_font_montserrat_28.c...
compiling lv_font_montserrat_28_compressed.c...
compiling lv_font_montserrat_32.c...
compiling lv_font_montserrat_30.c...
compiling lv_font_montserrat_36.c...
compiling lv_font_montserrat_34.c...
compiling lv_font_montserrat_38.c...
compiling lv_font_montserrat_42.c...
compiling lv_font_montserrat_40.c...
compiling lv_font_montserrat_44.c...
compiling lv_font_montserrat_48.c...
compiling lv_font_montserrat_46.c...
compiling lv_font_unscii_8.c...
compiling lv_font_simsun_16_cjk.c...
compiling lv_draw_sdl_arc.c...
compiling lv_draw_sdl.c...
compiling lv_font_unscii_16.c...
compiling lv_gpu_stm32_dma2d.c...
compiling lv_draw_sdl_composite.c...
compiling lv_draw_sdl_bg.c...
compiling lv_draw_sdl_img.c...
compiling lv_draw_sdl_mask.c...
compiling lv_draw_sdl_rect.c...
compiling lv_draw_sdl_utils.c...
compiling lv_draw_sdl_line.c...
compiling lv_draw_sdl_stack_blur.c...
compiling lv_draw_sdl_polygon.c...
compiling lv_draw_sdl_label.c...
compiling lv_draw_sdl_texture_cache.c...
compiling lv_hal_disp.c...
compiling lv_hal_tick.c...
compiling lv_hal_indev.c...
compiling lv_area.c...
compiling lv_anim.c...
compiling lv_async.c...
compiling lv_bidi.c...
compiling lv_gc.c...
compiling lv_ll.c...
compiling lv_anim_timeline.c...
compiling lv_log.c...
compiling lv_color.c...
compiling lv_math.c...
compiling lv_fs.c...
compiling lv_lru.c...
compiling lv_mem.c...
compiling lv_style.c...
compiling lv_printf.c...
compiling lv_style_gen.c...
compiling lv_timer.c...
compiling lv_templ.c...
compiling lv_utils.c...
compiling lv_txt_ap.c...
compiling lv_tlsf.c...
compiling lv_txt.c...
compiling lv_bar.c...
compiling lv_arc.c...
compiling lv_btn.c...
compiling lv_checkbox.c...
compiling lv_objx_templ.c...
compiling lv_line.c...
compiling lv_btnmatrix.c...
compiling lv_canvas.c...
compiling lv_slider.c...
compiling lv_roller.c...
compiling lv_switch.c...
compiling lv_img.c...
compiling lv_dropdown.c...
compiling lv_label.c...
compiling img_benchmark_cogwheel_alpha16.c...
compiling lv_table.c...
compiling img_benchmark_cogwheel_argb.c...
compiling img_benchmark_cogwheel_chroma_keyed.c...
compiling lv_textarea.c...
compiling img_benchmark_cogwheel_indexed16.c...
compiling img_benchmark_cogwheel_rgb.c...
compiling lv_font_bechmark_montserrat_12_compr_az.c.c...
compiling lv_demo_benchmark.c...
compiling lv_font_bechmark_montserrat_28_compr_az.c.c...
compiling lv_font_bechmark_montserrat_16_compr_az.c.c...
compiling lv_demo_keypad_encoder.c...
compiling img_lv_demo_music_btn_corner_large.c...
compiling img_lv_demo_music_btn_list_pause.c...
compiling img_lv_demo_music_btn_list_play.c...
compiling img_lv_demo_music_btn_list_pause_large.c...
compiling img_lv_demo_music_btn_list_play_large.c...
compiling img_lv_demo_music_btn_loop.c...
compiling img_lv_demo_music_btn_loop_large.c...
compiling img_lv_demo_music_btn_play.c...
compiling img_lv_demo_music_btn_next.c...
compiling img_lv_demo_music_btn_next_large.c...
compiling img_lv_demo_music_btn_pause.c...
compiling img_lv_demo_music_btn_pause_large.c...
compiling img_lv_demo_music_btn_play_large.c...
compiling img_lv_demo_music_btn_prev.c...
compiling img_lv_demo_music_btn_rnd.c...
compiling img_lv_demo_music_btn_rnd_large.c...
compiling img_lv_demo_music_btn_prev_large.c...
compiling img_lv_demo_music_corner_left.c...
compiling img_lv_demo_music_corner_left_large.c...
compiling img_lv_demo_music_corner_right.c...
compiling img_lv_demo_music_corner_right_large.c...
compiling img_lv_demo_music_icon_1.c...
compiling img_lv_demo_music_cover_1.c...
compiling img_lv_demo_music_cover_2.c...
compiling img_lv_demo_music_icon_1_large.c...
compiling img_lv_demo_music_cover_3.c...
compiling img_lv_demo_music_cover_1_large.c...
compiling img_lv_demo_music_cover_3_large.c...
compiling img_lv_demo_music_cover_2_large.c...
compiling img_lv_demo_music_icon_2.c...
compiling img_lv_demo_music_icon_2_large.c...
compiling img_lv_demo_music_icon_3.c...
compiling img_lv_demo_music_icon_4.c...
compiling img_lv_demo_music_icon_3_large.c...
compiling img_lv_demo_music_list_border_large.c...
compiling img_lv_demo_music_slider_knob.c...
compiling img_lv_demo_music_slider_knob_large.c...
compiling img_lv_demo_music_list_border.c...
compiling img_lv_demo_music_icon_4_large.c...
compiling img_lv_demo_music_wave_top.c...
compiling img_lv_demo_music_logo.c...
compiling img_lv_demo_music_wave_bottom.c...
compiling img_lv_demo_music_wave_bottom_large.c...
compiling img_lv_demo_music_wave_top_large.c...
compiling lv_demo_music_list.c...
compiling lv_demo_music.c...
compiling lv_demo_music_main.c...
compiling lv_font_montserrat_12_compr_az.c...
compiling lv_demo_stress.c...
compiling img_lvgl_logo.c...
compiling lv_font_montserrat_16_compr_az.c...
compiling img_clothes.c...
compiling lv_font_montserrat_28_compr_az.c...
compiling img_demo_widgets_avatar.c...
compiling lv_demo_widgets.c...
linking...
Program Size: Code=166546 RO-data=18194 RW-data=152 ZI-data=62336  
FromELF: creating hex file...
"bearpi-iot_std\bearpi-iot_std.axf" - 0 Error(s), 0 Warning(s).

<h2>Software Packages used:</h2>

Package Vendor: ARM
                http://www.keil.com/pack/ARM.CMSIS.5.7.0.pack
                ARM.CMSIS.5.7.0
                CMSIS (Cortex Microcontroller Software Interface Standard)
   * Component: CORE Version: 5.4.0

Package Vendor: Keil
                https://www.keil.com/pack/Keil.STM32L4xx_DFP.2.6.2.pack
                Keil.STM32L4xx_DFP.2.6.2
                STMicroelectronics STM32L4 Series Device Support, Drivers and Examples

<h2>Collection of Component include folders:</h2>
  .\RTE\_bearpi-iot_std
  D:\Program Files (x86)\Keil5\PACK\ARM\CMSIS\5.7.0\CMSIS\Core\Include
  D:\Program Files (x86)\Keil5\PACK\Keil\STM32L4xx_DFP\2.6.2\Drivers\CMSIS\Device\ST\STM32L4xx\Include

<h2>Collection of Component Files used:</h2>

   * Component: ARM::CMSIS:CORE:5.4.0
Build Time Elapsed:  00:00:14
</pre>
</body>
</html>
